Archive member included because of file (symbol)

c:/freescale/kds_3.0.0/toolchain/bin/../lib/gcc/arm-none-eabi/4.8.4/armv7e-m\libgcc.a(_arm_addsubsf3.o)
                              ./Generated_Code/RealTimeLdd1.o (__aeabi_ui2f)
c:/freescale/kds_3.0.0/toolchain/bin/../lib/gcc/arm-none-eabi/4.8.4/armv7e-m\libgcc.a(_arm_muldivsf3.o)
                              ./Generated_Code/PwmLdd1.o (__aeabi_fmul)
c:/freescale/kds_3.0.0/toolchain/bin/../lib/gcc/arm-none-eabi/4.8.4/armv7e-m\libgcc.a(_arm_cmpsf2.o)
                              ./Generated_Code/PwmLdd1.o (__aeabi_fcmpgt)
c:/freescale/kds_3.0.0/toolchain/bin/../lib/gcc/arm-none-eabi/4.8.4/armv7e-m\libgcc.a(_arm_fixunssfsi.o)
                              ./Generated_Code/PwmLdd1.o (__aeabi_f2uiz)
c:/freescale/kds_3.0.0/toolchain/bin/../lib/gcc/arm-none-eabi/4.8.4/../../../../arm-none-eabi/lib/armv7e-m\libg_s.a(lib_a-exit.o)
                              c:/freescale/kds_3.0.0/toolchain/bin/../lib/gcc/arm-none-eabi/4.8.4/../../../../arm-none-eabi/lib/armv7e-m/crt0.o (exit)
c:/freescale/kds_3.0.0/toolchain/bin/../lib/gcc/arm-none-eabi/4.8.4/../../../../arm-none-eabi/lib/armv7e-m\libg_s.a(lib_a-impure.o)
                              c:/freescale/kds_3.0.0/toolchain/bin/../lib/gcc/arm-none-eabi/4.8.4/../../../../arm-none-eabi/lib/armv7e-m\libg_s.a(lib_a-exit.o) (_global_impure_ptr)
c:/freescale/kds_3.0.0/toolchain/bin/../lib/gcc/arm-none-eabi/4.8.4/../../../../arm-none-eabi/lib/armv7e-m\libg_s.a(lib_a-init.o)
                              c:/freescale/kds_3.0.0/toolchain/bin/../lib/gcc/arm-none-eabi/4.8.4/../../../../arm-none-eabi/lib/armv7e-m/crt0.o (__libc_init_array)
c:/freescale/kds_3.0.0/toolchain/bin/../lib/gcc/arm-none-eabi/4.8.4/../../../../arm-none-eabi/lib/armv7e-m\libg_s.a(lib_a-memset.o)
                              c:/freescale/kds_3.0.0/toolchain/bin/../lib/gcc/arm-none-eabi/4.8.4/../../../../arm-none-eabi/lib/armv7e-m/crt0.o (memset)
c:/freescale/kds_3.0.0/toolchain/bin/../lib/gcc/arm-none-eabi/4.8.4/../../../../arm-none-eabi/lib/armv7e-m\libnosys.a(_exit.o)
                              c:/freescale/kds_3.0.0/toolchain/bin/../lib/gcc/arm-none-eabi/4.8.4/../../../../arm-none-eabi/lib/armv7e-m\libg_s.a(lib_a-exit.o) (_exit)

Allocating common symbols
Common symbol       size              file

ASerialLdd1_DeviceDataPtr
                    0x4               ./Generated_Code/Inhr1.o
IntI2cLdd1_DeviceDataPtr
                    0x4               ./Generated_Code/CI2C1.o
SR_reg              0x1               ./Generated_Code/Cpu.o
CI2C1_SndRcvTemp    0x2               ./Generated_Code/CI2C1.o

Discarded input sections

 .text          0x00000000        0x0 c:/freescale/kds_3.0.0/toolchain/bin/../lib/gcc/arm-none-eabi/4.8.4/armv7e-m/crti.o
 .data          0x00000000        0x0 c:/freescale/kds_3.0.0/toolchain/bin/../lib/gcc/arm-none-eabi/4.8.4/armv7e-m/crti.o
 .bss           0x00000000        0x0 c:/freescale/kds_3.0.0/toolchain/bin/../lib/gcc/arm-none-eabi/4.8.4/armv7e-m/crti.o
 .data          0x00000000        0x4 c:/freescale/kds_3.0.0/toolchain/bin/../lib/gcc/arm-none-eabi/4.8.4/armv7e-m/crtbegin.o
 .data          0x00000000        0x0 c:/freescale/kds_3.0.0/toolchain/bin/../lib/gcc/arm-none-eabi/4.8.4/../../../../arm-none-eabi/lib/armv7e-m/crt0.o
 .bss           0x00000000        0x0 c:/freescale/kds_3.0.0/toolchain/bin/../lib/gcc/arm-none-eabi/4.8.4/../../../../arm-none-eabi/lib/armv7e-m/crt0.o
 .ARM.extab     0x00000000        0x0 c:/freescale/kds_3.0.0/toolchain/bin/../lib/gcc/arm-none-eabi/4.8.4/../../../../arm-none-eabi/lib/armv7e-m/crt0.o
 .group         0x00000000        0x8 ./Sources/Events.o
 .group         0x00000000        0x8 ./Sources/Events.o
 .group         0x00000000        0x8 ./Sources/Events.o
 .group         0x00000000        0x8 ./Sources/Events.o
 .group         0x00000000        0x8 ./Sources/Events.o
 .group         0x00000000        0x8 ./Sources/Events.o
 .group         0x00000000        0x8 ./Sources/Events.o
 .group         0x00000000        0x8 ./Sources/Events.o
 .group         0x00000000        0x8 ./Sources/Events.o
 .group         0x00000000        0x8 ./Sources/Events.o
 .group         0x00000000        0x8 ./Sources/Events.o
 .group         0x00000000        0x8 ./Sources/Events.o
 .group         0x00000000        0x8 ./Sources/Events.o
 .group         0x00000000        0x8 ./Sources/Events.o
 .group         0x00000000        0x8 ./Sources/Events.o
 .group         0x00000000        0x8 ./Sources/Events.o
 .group         0x00000000        0x8 ./Sources/Events.o
 .group         0x00000000        0x8 ./Sources/Events.o
 .group         0x00000000        0x8 ./Sources/Events.o
 .group         0x00000000        0x8 ./Sources/Events.o
 .group         0x00000000        0x8 ./Sources/Events.o
 .group         0x00000000        0x8 ./Sources/Events.o
 .group         0x00000000        0x8 ./Sources/Events.o
 .group         0x00000000        0x8 ./Sources/Events.o
 .text          0x00000000        0x0 ./Sources/Events.o
[...]
Memory Configuration

Name             Origin             Length             Attributes
m_interrupts     0x00000000         0x000000f8         xr
m_text           0x00000410         0x0001fbf0         xr
m_data           0x1fffe000         0x00002000         rw
m_data_20000000  0x20000000         0x00002000         rw
m_cfmprotrom     0x00000400         0x00000010         xr
*default*        0x00000000         0xffffffff

Linker script and memory map

LOAD c:/freescale/kds_3.0.0/toolchain/bin/../lib/gcc/arm-none-eabi/4.8.4/armv7e-m/crti.o
LOAD c:/freescale/kds_3.0.0/toolchain/bin/../lib/gcc/arm-none-eabi/4.8.4/armv7e-m/crtbegin.o
LOAD c:/freescale/kds_3.0.0/toolchain/bin/../lib/gcc/arm-none-eabi/4.8.4/../../../../arm-none-eabi/lib/armv7e-m/crt0.o
LOAD ./Sources/Events.o
LOAD ./Sources/main.o
LOAD ./Project_Settings/Startup_Code/startup.o
LOAD ./Generated_Code/ASerialLdd1.o
LOAD ./Generated_Code/CI2C1.o
LOAD ./Generated_Code/Cpu.o
LOAD ./Generated_Code/FC321.o
LOAD ./Generated_Code/Inhr1.o
LOAD ./Generated_Code/IntI2cLdd1.o
LOAD ./Generated_Code/PE_LDD.o
LOAD ./Generated_Code/PWM1.o
LOAD ./Generated_Code/PWM2.o
LOAD ./Generated_Code/PWM3.o
LOAD ./Generated_Code/PwmLdd1.o
LOAD ./Generated_Code/PwmLdd2.o
LOAD ./Generated_Code/PwmLdd3.o
LOAD ./Generated_Code/RealTimeLdd1.o
LOAD ./Generated_Code/TU1.o
LOAD ./Generated_Code/TU2.o
LOAD ./Generated_Code/Term1.o
LOAD ./Generated_Code/Vectors.o
LOAD c:/freescale/kds_3.0.0/toolchain/bin/../lib/gcc/arm-none-eabi/4.8.4/../../../../arm-none-eabi/lib/armv7e-m\libstdc++_s.a
LOAD c:/freescale/kds_3.0.0/toolchain/bin/../lib/gcc/arm-none-eabi/4.8.4/../../../../arm-none-eabi/lib/armv7e-m\libm.a
START GROUP
LOAD c:/freescale/kds_3.0.0/toolchain/bin/../lib/gcc/arm-none-eabi/4.8.4/armv7e-m\libgcc.a
LOAD c:/freescale/kds_3.0.0/toolchain/bin/../lib/gcc/arm-none-eabi/4.8.4/../../../../arm-none-eabi/lib/armv7e-m\libg_s.a
LOAD c:/freescale/kds_3.0.0/toolchain/bin/../lib/gcc/arm-none-eabi/4.8.4/../../../../arm-none-eabi/lib/armv7e-m\libc_s.a
END GROUP
START GROUP
LOAD c:/freescale/kds_3.0.0/toolchain/bin/../lib/gcc/arm-none-eabi/4.8.4/armv7e-m\libgcc.a
LOAD c:/freescale/kds_3.0.0/toolchain/bin/../lib/gcc/arm-none-eabi/4.8.4/../../../../arm-none-eabi/lib/armv7e-m\libc_s.a
LOAD c:/freescale/kds_3.0.0/toolchain/bin/../lib/gcc/arm-none-eabi/4.8.4/../../../../arm-none-eabi/lib/armv7e-m\libnosys.a
END GROUP
START GROUP
LOAD c:/freescale/kds_3.0.0/toolchain/bin/../lib/gcc/arm-none-eabi/4.8.4/armv7e-m\libgcc.a
LOAD c:/freescale/kds_3.0.0/toolchain/bin/../lib/gcc/arm-none-eabi/4.8.4/../../../../arm-none-eabi/lib/armv7e-m\libc_s.a
LOAD c:/freescale/kds_3.0.0/toolchain/bin/../lib/gcc/arm-none-eabi/4.8.4/../../../../arm-none-eabi/lib/armv7e-m\libnosys.a
END GROUP
LOAD c:/freescale/kds_3.0.0/toolchain/bin/../lib/gcc/arm-none-eabi/4.8.4/armv7e-m/crtend.o
LOAD c:/freescale/kds_3.0.0/toolchain/bin/../lib/gcc/arm-none-eabi/4.8.4/armv7e-m/crtn.o
                0x20000000                _estack = 0x20000000
                0x20000000                __SP_INIT = _estack
                0x20000000                __stack = _estack
                0x00000000                __heap_size = 0x0
                0x00000400                __stack_size = 0x400

.interrupts     0x00000000       0xf8
                0x00000000                __vector_table = .
                0x00000000                . = ALIGN (0x4)
 *(.vectortable)
 .vectortable   0x00000000       0xf8 ./Generated_Code/Vectors.o
                0x00000000                __vect_table
                0x000000f8                . = ALIGN (0x4)

.cfmprotect     0x00000400       0x10
                0x00000400                . = ALIGN (0x4)
 *(.cfmconfig)
 .cfmconfig     0x00000400       0x10 ./Generated_Code/Cpu.o
                0x00000400                _cfm
                0x00000410                . = ALIGN (0x4)

.text           0x00000410     0x228c
                0x00000410                . = ALIGN (0x4)
 *(.text)
 .text          0x00000410       0x54 c:/freescale/kds_3.0.0/toolchain/bin/../lib/gcc/arm-none-eabi/4.8.4/armv7e-m/crtbegin.o
 .text          0x00000464       0x74 c:/freescale/kds_3.0.0/toolchain/bin/../lib/gcc/arm-none-eabi/4.8.4/../../../../arm-none-eabi/lib/armv7e-m/crt0.o
                0x00000464                _start
                0x00000464                _mainCRTStartup
 .text          0x000004d8      0x21c c:/freescale/kds_3.0.0/toolchain/bin/../lib/gcc/arm-none-eabi/4.8.4/armv7e-m\libgcc.a(_arm_addsubsf3.o)
                0x000004d8                __aeabi_frsub
                0x000004e0                __subsf3
                0x000004e0                __aeabi_fsub
                0x000004e4                __aeabi_fadd
                0x000004e4                __addsf3
                0x00000644                __aeabi_ui2f
                0x00000644                __floatunsisf
                0x0000064c                __aeabi_i2f
                0x0000064c                __floatsisf
                0x00000668                __aeabi_ul2f
                0x00000668                __floatundisf
                0x00000678                __aeabi_l2f
                0x00000678                __floatdisf
 .text          0x000006f4      0x2a0 c:/freescale/kds_3.0.0/toolchain/bin/../lib/gcc/arm-none-eabi/4.8.4/armv7e-m\libgcc.a(_arm_muldivsf3.o)
                0x000006f4                __mulsf3
                0x000006f4                __aeabi_fmul
                0x0000085c                __aeabi_fdiv
                0x0000085c                __divsf3
 .text          0x00000994       0xec c:/freescale/kds_3.0.0/toolchain/bin/../lib/gcc/arm-none-eabi/4.8.4/armv7e-m\libgcc.a(_arm_cmpsf2.o)
                0x00000994                __gesf2
                0x00000994                __gtsf2
                0x0000099c                __lesf2
                0x0000099c                __ltsf2
                0x000009a4                __nesf2
                0x000009a4                __eqsf2
                0x000009a4                __cmpsf2
                0x00000a04                __aeabi_cfrcmple
                0x00000a0c                __aeabi_cfcmpeq
                0x00000a0c                __aeabi_cfcmple
                0x00000a1c                __aeabi_fcmpeq
                0x00000a30                __aeabi_fcmplt
                0x00000a44                __aeabi_fcmple
                0x00000a58                __aeabi_fcmpge
                0x00000a6c                __aeabi_fcmpgt
 .text          0x00000a80       0x40 c:/freescale/kds_3.0.0/toolchain/bin/../lib/gcc/arm-none-eabi/4.8.4/armv7e-m\libgcc.a(_arm_fixunssfsi.o)
                0x00000a80                __fixunssfsi
                0x00000a80                __aeabi_f2uiz
 *(.text*)
 .text.Cpu_OnNMIINT
                0x00000ac0        0xc ./Sources/Events.o
                0x00000ac0                Cpu_OnNMIINT
 .text.CI2C1_OnReceiveData
                0x00000acc        0xc ./Sources/Events.o
                0x00000acc                CI2C1_OnReceiveData
 .text.CI2C1_OnTransmitData
                0x00000ad8        0xc ./Sources/Events.o
                0x00000ad8                CI2C1_OnTransmitData
 .text.main     0x00000ae4       0xf0 ./Sources/main.o
                0x00000ae4                main
 .text.__copy_rom_section
                0x00000bd4       0xe4 ./Project_Settings/Startup_Code/startup.o
                0x00000bd4                __copy_rom_section
 .text.__copy_rom_sections_to_ram
                0x00000cb8       0x9c ./Project_Settings/Startup_Code/startup.o
                0x00000cb8                __copy_rom_sections_to_ram
 .text.__init_registers
                0x00000d54        0xc ./Project_Settings/Startup_Code/startup.o
                0x00000d54                __init_registers
 .text.__init_user
                0x00000d60        0xc ./Project_Settings/Startup_Code/startup.o
                0x00000d60                __init_user
 .text.__thumb_startup
                0x00000d6c       0x34 ./Project_Settings/Startup_Code/startup.o
                0x00000d6c                __thumb_startup
 .text.ASerialLdd1_Init
                0x00000da0      0x160 ./Generated_Code/ASerialLdd1.o
                0x00000da0                ASerialLdd1_Init
 .text.ASerialLdd1_ReceiveBlock
                0x00000f00       0x48 ./Generated_Code/ASerialLdd1.o
                0x00000f00                ASerialLdd1_ReceiveBlock
 .text.ASerialLdd1_SendBlock
                0x00000f48       0x58 ./Generated_Code/ASerialLdd1.o
                0x00000f48                ASerialLdd1_SendBlock
 .text.InterruptRx
                0x00000fa0       0x50 ./Generated_Code/ASerialLdd1.o
 .text.InterruptTx
                0x00000ff0       0x60 ./Generated_Code/ASerialLdd1.o
 .text.ASerialLdd1_Main
                0x00001050       0xd8 ./Generated_Code/ASerialLdd1.o
                0x00001050                ASerialLdd1_Main
 .text.CI2C1_SendBlock
                0x00001128       0xc0 ./Generated_Code/CI2C1.o
                0x00001128                CI2C1_SendBlock
 .text.CI2C1_RecvBlock
                0x000011e8       0xb4 ./Generated_Code/CI2C1.o
                0x000011e8                CI2C1_RecvBlock
 .text.CI2C1_Init
                0x0000129c       0x20 ./Generated_Code/CI2C1.o
                0x0000129c                CI2C1_Init
 .text.IntI2cLdd1_OnMasterBlockSent
                0x000012bc       0x14 ./Generated_Code/CI2C1.o
                0x000012bc                IntI2cLdd1_OnMasterBlockSent
 .text.IntI2cLdd1_OnMasterBlockReceived
                0x000012d0       0x14 ./Generated_Code/CI2C1.o
                0x000012d0                IntI2cLdd1_OnMasterBlockReceived
 .text.Cpu_INT_NMIInterrupt
                0x000012e4       0x1c ./Generated_Code/Cpu.o
                0x000012e4                Cpu_INT_NMIInterrupt
 .text.Cpu_Interrupt
                0x00001300       0x18 ./Generated_Code/Cpu.o
                0x00001300                Cpu_Interrupt
 .text.__init_hardware
                0x00001318      0x11c ./Generated_Code/Cpu.o
                0x00001318                __init_hardware
 .text.Cpu_SetBASEPRI
                0x00001434       0x18 ./Generated_Code/Cpu.o
                0x00001434                Cpu_SetBASEPRI
 .text.PE_low_level_init
                0x0000144c       0xc8 ./Generated_Code/Cpu.o
                0x0000144c                PE_low_level_init
 .text.HWEnDi   0x00001514       0x1c ./Generated_Code/Inhr1.o
 .text.Inhr1_SendChar
                0x00001530       0x5c ./Generated_Code/Inhr1.o
                0x00001530                Inhr1_SendChar
 .text.Inhr1_Init
                0x0000158c       0x24 ./Generated_Code/Inhr1.o
                0x0000158c                Inhr1_Init
 .text.ASerialLdd1_OnBreak
                0x000015b0       0x24 ./Generated_Code/Inhr1.o
                0x000015b0                ASerialLdd1_OnBreak
 .text.IntI2cLdd1_Interrupt
                0x000015d4      0x2a4 ./Generated_Code/IntI2cLdd1.o
                0x000015d4                IntI2cLdd1_Interrupt
 .text.IntI2cLdd1_Init
                0x00001878      0x138 ./Generated_Code/IntI2cLdd1.o
                0x00001878                IntI2cLdd1_Init
 .text.IntI2cLdd1_MasterSendBlock
                0x000019b0      0x190 ./Generated_Code/IntI2cLdd1.o
                0x000019b0                IntI2cLdd1_MasterSendBlock
 .text.IntI2cLdd1_MasterReceiveBlock
                0x00001b40      0x190 ./Generated_Code/IntI2cLdd1.o
                0x00001b40                IntI2cLdd1_MasterReceiveBlock
 .text.PwmLdd1_Init
                0x00001cd0       0x54 ./Generated_Code/PwmLdd1.o
                0x00001cd0                PwmLdd1_Init
 .text.PwmLdd1_SetRatio16
                0x00001d24       0x28 ./Generated_Code/PwmLdd1.o
                0x00001d24                PwmLdd1_SetRatio16
 .text.SetRatio
                0x00001d4c       0x54 ./Generated_Code/PwmLdd1.o
 .text.PwmLdd2_Init
                0x00001da0       0x54 ./Generated_Code/PwmLdd2.o
                0x00001da0                PwmLdd2_Init
 .text.PwmLdd2_SetRatio16
                0x00001df4       0x28 ./Generated_Code/PwmLdd2.o
                0x00001df4                PwmLdd2_SetRatio16
 .text.SetRatio
                0x00001e1c       0x54 ./Generated_Code/PwmLdd2.o
 .text.PwmLdd3_Init
                0x00001e70       0x54 ./Generated_Code/PwmLdd3.o
                0x00001e70                PwmLdd3_Init
 .text.PwmLdd3_SetRatio16
                0x00001ec4       0x28 ./Generated_Code/PwmLdd3.o
                0x00001ec4                PwmLdd3_SetRatio16
 .text.SetRatio
                0x00001eec       0x54 ./Generated_Code/PwmLdd3.o
 .text.RealTimeLdd1_Init
                0x00001f40       0x5c ./Generated_Code/RealTimeLdd1.o
                0x00001f40                RealTimeLdd1_Init
 .text.RealTimeLdd1_Reset
                0x00001f9c       0x74 ./Generated_Code/RealTimeLdd1.o
                0x00001f9c                RealTimeLdd1_Reset
 .text.RealTimeLdd1_GetTimeMS
                0x00002010       0xb0 ./Generated_Code/RealTimeLdd1.o
                0x00002010                RealTimeLdd1_GetTimeMS
 .text.TU2_OnCounterRestart
                0x000020c0       0x34 ./Generated_Code/RealTimeLdd1.o
                0x000020c0                TU2_OnCounterRestart
 .text.TU1_Init
                0x000020f4      0x13c ./Generated_Code/TU1.o
                0x000020f4                TU1_Init
 .text.TU1_GetPeriodTicks
                0x00002230       0x30 ./Generated_Code/TU1.o
                0x00002230                TU1_GetPeriodTicks
 .text.TU1_SetOffsetTicks
                0x00002260       0x54 ./Generated_Code/TU1.o
                0x00002260                TU1_SetOffsetTicks
 .text.TU2_Init
                0x000022b4       0xd4 ./Generated_Code/TU2.o
                0x000022b4                TU2_Init
 .text.TU2_ResetCounter
                0x00002388       0x20 ./Generated_Code/TU2.o
                0x00002388                TU2_ResetCounter
 .text.TU2_Interrupt
                0x000023a8       0x6c ./Generated_Code/TU2.o
                0x000023a8                TU2_Interrupt
 .text.SendESCPrefix
                0x00002414       0x24 ./Generated_Code/Term1.o
 .text.LongToStr
                0x00002438       0xf4 ./Generated_Code/Term1.o
 .text.Term1_SendNum
                0x0000252c       0x54 ./Generated_Code/Term1.o
                0x0000252c                Term1_SendNum
 .text.Term1_Cls
                0x00002580       0x28 ./Generated_Code/Term1.o
                0x00002580                Term1_Cls
 .text.Term1_MoveTo
                0x000025a8       0x44 ./Generated_Code/Term1.o
                0x000025a8                Term1_MoveTo
 .text.exit     0x000025ec       0x28 c:/freescale/kds_3.0.0/toolchain/bin/../lib/gcc/arm-none-eabi/4.8.4/../../../../arm-none-eabi/lib/armv7e-m\libg_s.a(lib_a-exit.o)
                0x000025ec                exit
 .text.__libc_init_array
                0x00002614       0x4c c:/freescale/kds_3.0.0/toolchain/bin/../lib/gcc/arm-none-eabi/4.8.4/../../../../arm-none-eabi/lib/armv7e-m\libg_s.a(lib_a-init.o)
                0x00002614                __libc_init_array
 .text.memset   0x00002660       0x10 c:/freescale/kds_3.0.0/toolchain/bin/../lib/gcc/arm-none-eabi/4.8.4/../../../../arm-none-eabi/lib/armv7e-m\libg_s.a(lib_a-memset.o)
                0x00002660                memset
 .text._exit    0x00002670        0x4 c:/freescale/kds_3.0.0/toolchain/bin/../lib/gcc/arm-none-eabi/4.8.4/../../../../arm-none-eabi/lib/armv7e-m\libnosys.a(_exit.o)
                0x00002670                _exit
 *(.rodata)
 *(.rodata*)
 .rodata.ChannelDevice
                0x00002674        0x4 ./Generated_Code/TU1.o
 .rodata.ChannelMode
                0x00002678        0x4 ./Generated_Code/TU1.o
 .rodata.str1.1
                0x0000267c        0x2 c:/freescale/kds_3.0.0/toolchain/bin/../lib/gcc/arm-none-eabi/4.8.4/../../../../arm-none-eabi/lib/armv7e-m\libg_s.a(lib_a-impure.o)
 *fill*         0x0000267e        0x2 
 .rodata._global_impure_ptr
                0x00002680        0x4 c:/freescale/kds_3.0.0/toolchain/bin/../lib/gcc/arm-none-eabi/4.8.4/../../../../arm-none-eabi/lib/armv7e-m\libg_s.a(lib_a-impure.o)
                0x00002680                _global_impure_ptr
 *(.glue_7)
 .glue_7        0x00000000        0x0 linker stubs
 *(.glue_7t)
 .glue_7t       0x00000000        0x0 linker stubs
 *(.eh_frame)
 .eh_frame      0x00002684        0x0 c:/freescale/kds_3.0.0/toolchain/bin/../lib/gcc/arm-none-eabi/4.8.4/armv7e-m/crtbegin.o
 *(.init)
 .init          0x00002684        0x4 c:/freescale/kds_3.0.0/toolchain/bin/../lib/gcc/arm-none-eabi/4.8.4/armv7e-m/crti.o
                0x00002684                _init
 .init          0x00002688        0x8 c:/freescale/kds_3.0.0/toolchain/bin/../lib/gcc/arm-none-eabi/4.8.4/armv7e-m/crtn.o
 *(.fini)
 .fini          0x00002690        0x4 c:/freescale/kds_3.0.0/toolchain/bin/../lib/gcc/arm-none-eabi/4.8.4/armv7e-m/crti.o
                0x00002690                _fini
 .fini          0x00002694        0x8 c:/freescale/kds_3.0.0/toolchain/bin/../lib/gcc/arm-none-eabi/4.8.4/armv7e-m/crtn.o
                0x0000269c                . = ALIGN (0x4)
                0x0000269c                _etext = .

.vfp11_veneer   0x0000269c        0x0
 .vfp11_veneer  0x00000000        0x0 linker stubs

.v4_bx          0x0000269c        0x0
 .v4_bx         0x00000000        0x0 linker stubs

.iplt           0x0000269c        0x0
 .iplt          0x00000000        0x0 c:/freescale/kds_3.0.0/toolchain/bin/../lib/gcc/arm-none-eabi/4.8.4/armv7e-m/crtbegin.o

.ARM.extab
 *(.ARM.extab* .gnu.linkonce.armextab.*)

.ARM            0x0000269c        0x8
                0x0000269c                __exidx_start = .
 *(.ARM.exidx*)
 .ARM.exidx     0x0000269c        0x8 c:/freescale/kds_3.0.0/toolchain/bin/../lib/gcc/arm-none-eabi/4.8.4/../../../../arm-none-eabi/lib/armv7e-m/crt0.o
                0x000026a4                __exidx_end = .

.rel.dyn        0x000026a4        0x0
 .rel.iplt      0x00000000        0x0 c:/freescale/kds_3.0.0/toolchain/bin/../lib/gcc/arm-none-eabi/4.8.4/armv7e-m/crtbegin.o

.ctors          0x000026a4        0x0
                0x000026a4                __CTOR_LIST__ = .
 *crtbegin.o(.ctors)
 *(EXCLUDE_FILE(*crtend.o) .ctors)
 *(SORT(.ctors.*))
 *(.ctors)
                0x000026a4                __CTOR_END__ = .

.dtors          0x000026a4        0x0
                0x000026a4                __DTOR_LIST__ = .
 *crtbegin.o(.dtors)
 *(EXCLUDE_FILE(*crtend.o) .dtors)
 *(SORT(.dtors.*))
 *(.dtors)
                0x000026a4                __DTOR_END__ = .

.preinit_array  0x000026a4        0x0
                0x000026a4                PROVIDE (__preinit_array_start, .)
 *(.preinit_array*)
                0x000026a4                PROVIDE (__preinit_array_end, .)

.init_array     0x000026a4        0x4
                0x000026a4                PROVIDE (__init_array_start, .)
 *(SORT(.init_array.*))
 *(.init_array*)
 .init_array    0x000026a4        0x4 c:/freescale/kds_3.0.0/toolchain/bin/../lib/gcc/arm-none-eabi/4.8.4/armv7e-m/crtbegin.o
                0x000026a8                PROVIDE (__init_array_end, .)

.fini_array     0x000026a8        0x4
                0x000026a8                PROVIDE (__fini_array_start, .)
 *(SORT(.fini_array.*))
 *(.fini_array*)
 .fini_array    0x000026a8        0x4 c:/freescale/kds_3.0.0/toolchain/bin/../lib/gcc/arm-none-eabi/4.8.4/armv7e-m/crtbegin.o
                0x000026ac                PROVIDE (__fini_array_end, .)
                0x000026ac                ___ROM_AT = .

.data           0x1fffe000       0x60 load address 0x000026ac
                0x1fffe000                . = ALIGN (0x4)
                0x1fffe000                _sdata = .
 *(.data)
 *(.data*)
 .data.impure_data
                0x1fffe000       0x60 c:/freescale/kds_3.0.0/toolchain/bin/../lib/gcc/arm-none-eabi/4.8.4/../../../../arm-none-eabi/lib/armv7e-m\libg_s.a(lib_a-impure.o)
                0x1fffe060                . = ALIGN (0x4)
                0x1fffe060                _edata = .
                0x00000060                ___data_size = (_edata - _sdata)
                0x0000270c                ___m_data_20000000_ROMStart = (___ROM_AT + SIZEOF (.data))

.jcr            0x1fffe060        0x0 load address 0x0000270c
 .jcr           0x1fffe060        0x0 c:/freescale/kds_3.0.0/toolchain/bin/../lib/gcc/arm-none-eabi/4.8.4/armv7e-m/crtbegin.o

.igot.plt       0x1fffe060        0x0 load address 0x0000270c
 .igot.plt      0x00000000        0x0 c:/freescale/kds_3.0.0/toolchain/bin/../lib/gcc/arm-none-eabi/4.8.4/armv7e-m/crtbegin.o

.m_data_20000000
                0x20000000        0x0 load address 0x0000270c
                0x20000000                . = ALIGN (0x4)
                0x20000000                ___m_data_20000000_RAMStart = .
 *(.m_data_20000000)
                0x20000000                ___m_data_20000000_RAMEnd = .
                0x20000000                . = ALIGN (0x4)
                0x00000000                ___m_data_20000000_ROMSize = (___m_data_20000000_RAMEnd - ___m_data_20000000_RAMStart)
                0x20000000                . = ALIGN (0x4)

.bss            0x1fffe060       0xdc load address 0x0000270c
                0x1fffe060                __START_BSS = .
                0x1fffe060                PROVIDE (__bss_start__, __START_BSS)
 *(.bss)
 .bss           0x1fffe060       0x1c c:/freescale/kds_3.0.0/toolchain/bin/../lib/gcc/arm-none-eabi/4.8.4/armv7e-m/crtbegin.o
 *(.bss*)
 .bss.DeviceDataPrv__DEFAULT_RTOS_ALLOC
                0x1fffe07c       0x20 ./Generated_Code/ASerialLdd1.o
 .bss.OutLenM   0x1fffe09c        0x2 ./Generated_Code/CI2C1.o
 .bss.SR_lock   0x1fffe09e        0x1 ./Generated_Code/Cpu.o
                0x1fffe09e                SR_lock
 *fill*         0x1fffe09f        0x1 
 .bss.SerFlag   0x1fffe0a0        0x2 ./Generated_Code/Inhr1.o
 .bss.BufferRead
                0x1fffe0a2        0x1 ./Generated_Code/Inhr1.o
 .bss.OutBuffer
                0x1fffe0a3        0x1 ./Generated_Code/Inhr1.o
 .bss.DeviceDataPrv__DEFAULT_RTOS_ALLOC
                0x1fffe0a4       0x18 ./Generated_Code/IntI2cLdd1.o
 .bss.INT_I2C0__DEFAULT_RTOS_ISRPARAM
                0x1fffe0bc        0x4 ./Generated_Code/IntI2cLdd1.o
 .bss.PE_LDD_DeviceDataList
                0x1fffe0c0       0x20 ./Generated_Code/PE_LDD.o
                0x1fffe0c0                PE_LDD_DeviceDataList
 .bss.DeviceDataPrv__DEFAULT_RTOS_ALLOC
                0x1fffe0e0        0xc ./Generated_Code/PwmLdd1.o
 .bss.DeviceDataPrv__DEFAULT_RTOS_ALLOC
                0x1fffe0ec        0xc ./Generated_Code/PwmLdd2.o
 .bss.DeviceDataPrv__DEFAULT_RTOS_ALLOC
                0x1fffe0f8        0xc ./Generated_Code/PwmLdd3.o
 .bss.DeviceDataPrv__DEFAULT_RTOS_ALLOC
                0x1fffe104       0x14 ./Generated_Code/RealTimeLdd1.o
 .bss.DeviceDataPrv__DEFAULT_RTOS_ALLOC
                0x1fffe118        0x8 ./Generated_Code/TU1.o
 .bss.DeviceDataPrv__DEFAULT_RTOS_ALLOC
                0x1fffe120        0xc ./Generated_Code/TU2.o
 .bss.INT_FTM1__DEFAULT_RTOS_ISRPARAM
                0x1fffe12c        0x4 ./Generated_Code/TU2.o
 *(COMMON)
 COMMON         0x1fffe130        0x6 ./Generated_Code/CI2C1.o
                0x1fffe130                IntI2cLdd1_DeviceDataPtr
                0x1fffe134                CI2C1_SndRcvTemp
 COMMON         0x1fffe136        0x1 ./Generated_Code/Cpu.o
                0x1fffe136                SR_reg
 *fill*         0x1fffe137        0x1 
 COMMON         0x1fffe138        0x4 ./Generated_Code/Inhr1.o
                0x1fffe138                ASerialLdd1_DeviceDataPtr
                0x1fffe13c                . = ALIGN (0x4)
                0x1fffe13c                __END_BSS = .
                0x1fffe13c                PROVIDE (__bss_end__, __END_BSS)
                0x0000270c                _romp_at = ((___ROM_AT + SIZEOF (.data)) + SIZEOF (.m_data_20000000))

.romp           0x1fffe13c       0x24 load address 0x0000270c
                0x0000270c                __S_romp = _romp_at
                0x1fffe13c        0x4 LONG 0x26ac ___ROM_AT
                0x1fffe140        0x4 LONG 0x1fffe000 _sdata
                0x1fffe144        0x4 LONG 0x60 ___data_size
                0x1fffe148        0x4 LONG 0x270c ___m_data_20000000_ROMStart
                0x1fffe14c        0x4 LONG 0x20000000 ___m_data_20000000_RAMStart
                0x1fffe150        0x4 LONG 0x0 ___m_data_20000000_ROMSize
                0x1fffe154        0x4 LONG 0x0
                0x1fffe158        0x4 LONG 0x0
                0x1fffe15c        0x4 LONG 0x0

._user_heap_stack
                0x1fffe160      0x400 load address 0x00002730
                0x1fffe160                . = ALIGN (0x4)
                0x1fffe160                PROVIDE (end, .)
                0x1fffe160                PROVIDE (_end, .)
                0x1fffe160                __heap_addr = .
                0x1fffe160                __HeapBase = .
                0x1fffe160                . = (. + __heap_size)
                0x1fffe160                __HeapLimit = .
                0x1fffe560                . = (. + __stack_size)
 *fill*         0x1fffe160      0x400 
                0x1fffe560                . = ALIGN (0x4)

.ARM.attributes
                0x00000000       0x2a
 *(.ARM.attributes)
 .ARM.attributes
                0x00000000       0x1e c:/freescale/kds_3.0.0/toolchain/bin/../lib/gcc/arm-none-eabi/4.8.4/armv7e-m/crti.o
 .ARM.attributes
                0x0000001e       0x2e c:/freescale/kds_3.0.0/toolchain/bin/../lib/gcc/arm-none-eabi/4.8.4/armv7e-m/crtbegin.o
 .ARM.attributes
                0x0000004c       0x1c c:/freescale/kds_3.0.0/toolchain/bin/../lib/gcc/arm-none-eabi/4.8.4/../../../../arm-none-eabi/lib/armv7e-m/crt0.o
 .ARM.attributes
                0x00000068       0x33 ./Sources/Events.o
 .ARM.attributes
                0x0000009b       0x33 ./Sources/main.o
 .ARM.attributes
                0x000000ce       0x33 ./Project_Settings/Startup_Code/startup.o
 .ARM.attributes
                0x00000101       0x33 ./Generated_Code/ASerialLdd1.o
 .ARM.attributes
                0x00000134       0x33 ./Generated_Code/CI2C1.o
 .ARM.attributes
                0x00000167       0x33 ./Generated_Code/Cpu.o
 .ARM.attributes
                0x0000019a       0x33 ./Generated_Code/Inhr1.o
 .ARM.attributes
                0x000001cd       0x33 ./Generated_Code/IntI2cLdd1.o
 .ARM.attributes
                0x00000200       0x33 ./Generated_Code/PE_LDD.o
 .ARM.attributes
                0x00000233       0x33 ./Generated_Code/PwmLdd1.o
 .ARM.attributes
                0x00000266       0x33 ./Generated_Code/PwmLdd2.o
 .ARM.attributes
                0x00000299       0x33 ./Generated_Code/PwmLdd3.o
 .ARM.attributes
                0x000002cc       0x33 ./Generated_Code/RealTimeLdd1.o
 .ARM.attributes
                0x000002ff       0x33 ./Generated_Code/TU1.o
 .ARM.attributes
                0x00000332       0x33 ./Generated_Code/TU2.o
 .ARM.attributes
                0x00000365       0x33 ./Generated_Code/Term1.o
 .ARM.attributes
                0x00000398       0x33 ./Generated_Code/Vectors.o
 .ARM.attributes
                0x000003cb       0x1e c:/freescale/kds_3.0.0/toolchain/bin/../lib/gcc/arm-none-eabi/4.8.4/armv7e-m\libgcc.a(_arm_addsubsf3.o)
 .ARM.attributes
                0x000003e9       0x1e c:/freescale/kds_3.0.0/toolchain/bin/../lib/gcc/arm-none-eabi/4.8.4/armv7e-m\libgcc.a(_arm_muldivsf3.o)
 .ARM.attributes
                0x00000407       0x1e c:/freescale/kds_3.0.0/toolchain/bin/../lib/gcc/arm-none-eabi/4.8.4/armv7e-m\libgcc.a(_arm_cmpsf2.o)
 .ARM.attributes
                0x00000425       0x1e c:/freescale/kds_3.0.0/toolchain/bin/../lib/gcc/arm-none-eabi/4.8.4/armv7e-m\libgcc.a(_arm_fixunssfsi.o)
 .ARM.attributes
                0x00000443       0x2e c:/freescale/kds_3.0.0/toolchain/bin/../lib/gcc/arm-none-eabi/4.8.4/../../../../arm-none-eabi/lib/armv7e-m\libg_s.a(lib_a-exit.o)
 .ARM.attributes
                0x00000471       0x2e c:/freescale/kds_3.0.0/toolchain/bin/../lib/gcc/arm-none-eabi/4.8.4/../../../../arm-none-eabi/lib/armv7e-m\libg_s.a(lib_a-impure.o)
 .ARM.attributes
                0x0000049f       0x2e c:/freescale/kds_3.0.0/toolchain/bin/../lib/gcc/arm-none-eabi/4.8.4/../../../../arm-none-eabi/lib/armv7e-m\libg_s.a(lib_a-init.o)
 .ARM.attributes
                0x000004cd       0x2e c:/freescale/kds_3.0.0/toolchain/bin/../lib/gcc/arm-none-eabi/4.8.4/../../../../arm-none-eabi/lib/armv7e-m\libg_s.a(lib_a-memset.o)
 .ARM.attributes
                0x000004fb       0x2e c:/freescale/kds_3.0.0/toolchain/bin/../lib/gcc/arm-none-eabi/4.8.4/../../../../arm-none-eabi/lib/armv7e-m\libnosys.a(_exit.o)
 .ARM.attributes
                0x00000529       0x1e c:/freescale/kds_3.0.0/toolchain/bin/../lib/gcc/arm-none-eabi/4.8.4/armv7e-m/crtn.o
OUTPUT(Lab2.elf elf32-littlearm)

.debug_info     0x00000000     0x46b7
 .debug_info    0x00000000       0xb8 ./Sources/Events.o
 .debug_info    0x000000b8      0x180 ./Sources/main.o
 .debug_info    0x00000238      0x20a ./Project_Settings/Startup_Code/startup.o
 .debug_info    0x00000442      0x939 ./Generated_Code/ASerialLdd1.o
 .debug_info    0x00000d7b      0x360 ./Generated_Code/CI2C1.o
 .debug_info    0x000010db      0x9e9 ./Generated_Code/Cpu.o
 .debug_info    0x00001ac4      0x20b ./Generated_Code/Inhr1.o
 .debug_info    0x00001ccf      0x8dc ./Generated_Code/IntI2cLdd1.o
 .debug_info    0x000025ab      0x251 ./Generated_Code/PE_LDD.o
 .debug_info    0x000027fc      0x333 ./Generated_Code/PwmLdd1.o
 .debug_info    0x00002b2f      0x333 ./Generated_Code/PwmLdd2.o
 .debug_info    0x00002e62      0x333 ./Generated_Code/PwmLdd3.o
 .debug_info    0x00003195      0x36e ./Generated_Code/RealTimeLdd1.o
 .debug_info    0x00003503      0x768 ./Generated_Code/TU1.o
 .debug_info    0x00003c6b      0x684 ./Generated_Code/TU2.o
 .debug_info    0x000042ef      0x2ba ./Generated_Code/Term1.o
 .debug_info    0x000045a9      0x10e ./Generated_Code/Vectors.o

.debug_abbrev   0x00000000     0x140e
 .debug_abbrev  0x00000000       0x45 ./Sources/Events.o
 .debug_abbrev  0x00000045       0xcf ./Sources/main.o
 .debug_abbrev  0x00000114      0x11e ./Project_Settings/Startup_Code/startup.o
 .debug_abbrev  0x00000232      0x1c3 ./Generated_Code/ASerialLdd1.o
 .debug_abbrev  0x000003f5      0x179 ./Generated_Code/CI2C1.o
 .debug_abbrev  0x0000056e      0x178 ./Generated_Code/Cpu.o
 .debug_abbrev  0x000006e6      0x117 ./Generated_Code/Inhr1.o
 .debug_abbrev  0x000007fd      0x18b ./Generated_Code/IntI2cLdd1.o
 .debug_abbrev  0x00000988      0x10d ./Generated_Code/PE_LDD.o
 .debug_abbrev  0x00000a95      0x122 ./Generated_Code/PwmLdd1.o
 .debug_abbrev  0x00000bb7      0x122 ./Generated_Code/PwmLdd2.o
 .debug_abbrev  0x00000cd9      0x122 ./Generated_Code/PwmLdd3.o
 .debug_abbrev  0x00000dfb      0x134 ./Generated_Code/RealTimeLdd1.o
 .debug_abbrev  0x00000f2f      0x198 ./Generated_Code/TU1.o
 .debug_abbrev  0x000010c7      0x16a ./Generated_Code/TU2.o
 .debug_abbrev  0x00001231      0x139 ./Generated_Code/Term1.o
 .debug_abbrev  0x0000136a       0xa4 ./Generated_Code/Vectors.o

.debug_aranges  0x00000000      0x470
 .debug_aranges
                0x00000000       0x30 ./Sources/Events.o
 .debug_aranges
                0x00000030       0x20 ./Sources/main.o
 .debug_aranges
                0x00000050       0x50 ./Project_Settings/Startup_Code/startup.o
 .debug_aranges
                0x000000a0       0x58 ./Generated_Code/ASerialLdd1.o
 .debug_aranges
                0x000000f8       0x60 ./Generated_Code/CI2C1.o
 .debug_aranges
                0x00000158       0x40 ./Generated_Code/Cpu.o
 .debug_aranges
                0x00000198       0x48 ./Generated_Code/Inhr1.o
 .debug_aranges
                0x000001e0       0x50 ./Generated_Code/IntI2cLdd1.o
 .debug_aranges
                0x00000230       0x30 ./Generated_Code/PE_LDD.o
 .debug_aranges
                0x00000260       0x48 ./Generated_Code/PwmLdd1.o
 .debug_aranges
                0x000002a8       0x48 ./Generated_Code/PwmLdd2.o
 .debug_aranges
                0x000002f0       0x48 ./Generated_Code/PwmLdd3.o
 .debug_aranges
                0x00000338       0x40 ./Generated_Code/RealTimeLdd1.o
 .debug_aranges
                0x00000378       0x48 ./Generated_Code/TU1.o
 .debug_aranges
                0x000003c0       0x30 ./Generated_Code/TU2.o
 .debug_aranges
                0x000003f0       0x68 ./Generated_Code/Term1.o
 .debug_aranges
                0x00000458       0x18 ./Generated_Code/Vectors.o

.debug_ranges   0x00000000      0x358
 .debug_ranges  0x00000000       0x20 ./Sources/Events.o
 .debug_ranges  0x00000020       0x10 ./Sources/main.o
 .debug_ranges  0x00000030       0x40 ./Project_Settings/Startup_Code/startup.o
 .debug_ranges  0x00000070       0x48 ./Generated_Code/ASerialLdd1.o
 .debug_ranges  0x000000b8       0x50 ./Generated_Code/CI2C1.o
 .debug_ranges  0x00000108       0x30 ./Generated_Code/Cpu.o
 .debug_ranges  0x00000138       0x38 ./Generated_Code/Inhr1.o
 .debug_ranges  0x00000170       0x40 ./Generated_Code/IntI2cLdd1.o
 .debug_ranges  0x000001b0       0x20 ./Generated_Code/PE_LDD.o
 .debug_ranges  0x000001d0       0x38 ./Generated_Code/PwmLdd1.o
 .debug_ranges  0x00000208       0x38 ./Generated_Code/PwmLdd2.o
 .debug_ranges  0x00000240       0x38 ./Generated_Code/PwmLdd3.o
 .debug_ranges  0x00000278       0x30 ./Generated_Code/RealTimeLdd1.o
 .debug_ranges  0x000002a8       0x38 ./Generated_Code/TU1.o
 .debug_ranges  0x000002e0       0x20 ./Generated_Code/TU2.o
 .debug_ranges  0x00000300       0x58 ./Generated_Code/Term1.o

.debug_macro    0x00000000    0x19c35
 .debug_macro   0x00000000      0x1a7 ./Sources/Events.o
 .debug_macro   0x000001a7      0x84a ./Sources/Events.o
 .debug_macro   0x000009f1       0x16 ./Sources/Events.o
 .debug_macro   0x00000a07       0x44 ./Sources/Events.o
 .debug_macro   0x00000a4b      0x209 ./Sources/Events.o
 .debug_macro   0x00000c54     0x168e ./Sources/Events.o
 .debug_macro   0x000022e2      0x14e ./Sources/Events.o
 .debug_macro   0x00002430       0x6a ./Sources/Events.o
 .debug_macro   0x0000249a     0x9b9f ./Sources/Events.o
 .debug_macro   0x0000c039       0x94 ./Sources/Events.o
 .debug_macro   0x0000c0cd       0x43 ./Sources/Events.o
 .debug_macro   0x0000c110       0x94 ./Sources/Events.o
 .debug_macro   0x0000c1a4      0x6a0 ./Sources/Events.o
 .debug_macro   0x0000c844       0x82 ./Sources/Events.o
 .debug_macro   0x0000c8c6       0x3f ./Sources/Events.o
 .debug_macro   0x0000c905       0x2c ./Sources/Events.o
 .debug_macro   0x0000c931       0x45 ./Sources/Events.o
 .debug_macro   0x0000c976       0x2c ./Sources/Events.o
 .debug_macro   0x0000c9a2       0x45 ./Sources/Events.o
 .debug_macro   0x0000c9e7       0x2c ./Sources/Events.o
 .debug_macro   0x0000ca13       0x5e ./Sources/Events.o
 .debug_macro   0x0000ca71       0x11 ./Sources/Events.o
 .debug_macro   0x0000ca82       0x58 ./Sources/Events.o
 .debug_macro   0x0000cada       0x28 ./Sources/Events.o
 .debug_macro   0x0000cb02       0x18 ./Sources/Events.o
 .debug_macro   0x0000cb1a      0x1a7 ./Sources/main.o
 .debug_macro   0x0000ccc1      0x121 ./Project_Settings/Startup_Code/startup.o
 .debug_macro   0x0000cde2       0x58 ./Project_Settings/Startup_Code/startup.o
 .debug_macro   0x0000ce3a       0x35 ./Project_Settings/Startup_Code/startup.o
 .debug_macro   0x0000ce6f       0xa3 ./Project_Settings/Startup_Code/startup.o
 .debug_macro   0x0000cf12      0x166 ./Project_Settings/Startup_Code/startup.o
 .debug_macro   0x0000d078       0x4a ./Project_Settings/Startup_Code/startup.o
 .debug_macro   0x0000d0c2       0x52 ./Project_Settings/Startup_Code/startup.o
 .debug_macro   0x0000d114       0x16 ./Project_Settings/Startup_Code/startup.o
 .debug_macro   0x0000d12a       0x43 ./Project_Settings/Startup_Code/startup.o
 .debug_macro   0x0000d16d      0x180 ./Project_Settings/Startup_Code/startup.o
 .debug_macro   0x0000d2ed      0x2a6 ./Project_Settings/Startup_Code/startup.o
 .debug_macro   0x0000d593       0x10 ./Project_Settings/Startup_Code/startup.o
 .debug_macro   0x0000d5a3       0x35 ./Project_Settings/Startup_Code/startup.o
 .debug_macro   0x0000d5d8       0x16 ./Project_Settings/Startup_Code/startup.o
 .debug_macro   0x0000d5ee       0x22 ./Project_Settings/Startup_Code/startup.o
 .debug_macro   0x0000d610       0x10 ./Project_Settings/Startup_Code/startup.o
 .debug_macro   0x0000d620      0x20f ./Project_Settings/Startup_Code/startup.o
 .debug_macro   0x0000d82f     0x9b93 ./Project_Settings/Startup_Code/startup.o
 .debug_macro   0x000173c2       0xc5 ./Generated_Code/ASerialLdd1.o
 .debug_macro   0x00017487       0x58 ./Generated_Code/ASerialLdd1.o
 .debug_macro   0x000174df       0x17 ./Generated_Code/ASerialLdd1.o
 .debug_macro   0x000174f6      0x7ab ./Generated_Code/ASerialLdd1.o
 .debug_macro   0x00017ca1      0x9b1 ./Generated_Code/ASerialLdd1.o
 .debug_macro   0x00018652      0x1a7 ./Generated_Code/CI2C1.o
 .debug_macro   0x000187f9       0x9a ./Generated_Code/CI2C1.o
 .debug_macro   0x00018893      0x1c5 ./Generated_Code/Cpu.o
 .debug_macro   0x00018a58       0xdf ./Generated_Code/Inhr1.o
 .debug_macro   0x00018b37       0xfc ./Generated_Code/IntI2cLdd1.o
 .debug_macro   0x00018c33      0x4e4 ./Generated_Code/IntI2cLdd1.o
 .debug_macro   0x00019117      0x29c ./Generated_Code/IntI2cLdd1.o
 .debug_macro   0x000193b3      0x16e ./Generated_Code/PE_LDD.o
 .debug_macro   0x00019521       0xbe ./Generated_Code/PwmLdd1.o
 .debug_macro   0x000195df       0xbe ./Generated_Code/PwmLdd2.o
 .debug_macro   0x0001969d       0xbe ./Generated_Code/PwmLdd3.o
 .debug_macro   0x0001975b       0xb5 ./Generated_Code/RealTimeLdd1.o
 .debug_macro   0x00019810       0xbc ./Generated_Code/TU1.o
 .debug_macro   0x000198cc       0xbb ./Generated_Code/TU2.o
 .debug_macro   0x00019987       0xad ./Generated_Code/Term1.o
 .debug_macro   0x00019a34      0x1b7 ./Generated_Code/Vectors.o
 .debug_macro   0x00019beb       0x4a ./Generated_Code/Vectors.o

.debug_line     0x00000000     0x3bd5
 .debug_line    0x00000000      0x384 ./Sources/Events.o
 .debug_line    0x00000384      0x384 ./Sources/main.o
 .debug_line    0x00000708      0x3e0 ./Project_Settings/Startup_Code/startup.o
 .debug_line    0x00000ae8      0x370 ./Generated_Code/ASerialLdd1.o
 .debug_line    0x00000e58      0x47f ./Generated_Code/CI2C1.o
 .debug_line    0x000012d7      0x506 ./Generated_Code/Cpu.o
 .debug_line    0x000017dd      0x295 ./Generated_Code/Inhr1.o
 .debug_line    0x00001a72      0x3ee ./Generated_Code/IntI2cLdd1.o
 .debug_line    0x00001e60      0x363 ./Generated_Code/PE_LDD.o
 .debug_line    0x000021c3      0x2fe ./Generated_Code/PwmLdd1.o
 .debug_line    0x000024c1      0x2fe ./Generated_Code/PwmLdd2.o
 .debug_line    0x000027bf      0x2fe ./Generated_Code/PwmLdd3.o
 .debug_line    0x00002abd      0x325 ./Generated_Code/RealTimeLdd1.o
 .debug_line    0x00002de2      0x323 ./Generated_Code/TU1.o
 .debug_line    0x00003105      0x2c9 ./Generated_Code/TU2.o
 .debug_line    0x000033ce      0x388 ./Generated_Code/Term1.o
 .debug_line    0x00003756      0x47f ./Generated_Code/Vectors.o

.debug_str      0x00000000    0x6149a
 .debug_str     0x00000000    0x4910e ./Sources/Events.o
                              0x4925e (size before relaxing)
 .debug_str     0x0004910e       0x52 ./Sources/main.o
                              0x49274 (size before relaxing)
 .debug_str     0x00049160     0x25f1 ./Project_Settings/Startup_Code/startup.o
                              0x3a1d9 (size before relaxing)
 .debug_str     0x0004b751     0xe6ca ./Generated_Code/ASerialLdd1.o
                              0x4dc21 (size before relaxing)
 .debug_str     0x00059e1b      0x1bb ./Generated_Code/CI2C1.o
                              0x4943f (size before relaxing)
 .debug_str     0x00059fd6      0x284 ./Generated_Code/Cpu.o
                              0x495f2 (size before relaxing)
 .debug_str     0x0005a25a      0x17a ./Generated_Code/Inhr1.o
                              0x3f19f (size before relaxing)
 .debug_str     0x0005a3d4     0x6821 ./Generated_Code/IntI2cLdd1.o
                              0x4601c (size before relaxing)
 .debug_str     0x00060bf5      0x183 ./Generated_Code/PE_LDD.o
                              0x493ea (size before relaxing)
 .debug_str     0x00060d78       0xef ./Generated_Code/PwmLdd1.o
                              0x48511 (size before relaxing)
 .debug_str     0x00060e67       0x94 ./Generated_Code/PwmLdd2.o
                              0x48511 (size before relaxing)
 .debug_str     0x00060efb       0x86 ./Generated_Code/PwmLdd3.o
                              0x48511 (size before relaxing)
 .debug_str     0x00060f81       0xe0 ./Generated_Code/RealTimeLdd1.o
                              0x4844d (size before relaxing)
 .debug_str     0x00061061      0x269 ./Generated_Code/TU1.o
                              0x48616 (size before relaxing)
 .debug_str     0x000612ca       0xea ./Generated_Code/TU2.o
                              0x485c8 (size before relaxing)
 .debug_str     0x000613b4       0xca ./Generated_Code/Term1.o
                              0x3f0da (size before relaxing)
 .debug_str     0x0006147e       0x1c ./Generated_Code/Vectors.o
                              0x4927d (size before relaxing)

.comment        0x00000000       0x70
 .comment       0x00000000       0x70 ./Sources/Events.o
                                 0x71 (size before relaxing)
 .comment       0x00000000       0x71 ./Sources/main.o
 .comment       0x00000000       0x71 ./Project_Settings/Startup_Code/startup.o
 .comment       0x00000000       0x71 ./Generated_Code/ASerialLdd1.o
 .comment       0x00000000       0x71 ./Generated_Code/CI2C1.o
 .comment       0x00000000       0x71 ./Generated_Code/Cpu.o
 .comment       0x00000000       0x71 ./Generated_Code/Inhr1.o
 .comment       0x00000000       0x71 ./Generated_Code/IntI2cLdd1.o
 .comment       0x00000000       0x71 ./Generated_Code/PE_LDD.o
 .comment       0x00000000       0x71 ./Generated_Code/PwmLdd1.o
 .comment       0x00000000       0x71 ./Generated_Code/PwmLdd2.o
 .comment       0x00000000       0x71 ./Generated_Code/PwmLdd3.o
 .comment       0x00000000       0x71 ./Generated_Code/RealTimeLdd1.o
 .comment       0x00000000       0x71 ./Generated_Code/TU1.o
 .comment       0x00000000       0x71 ./Generated_Code/TU2.o
 .comment       0x00000000       0x71 ./Generated_Code/Term1.o
 .comment       0x00000000       0x71 ./Generated_Code/Vectors.o

.debug_frame    0x00000000      0xc2c
 .debug_frame   0x00000000       0x58 ./Sources/Events.o
 .debug_frame   0x00000058       0x30 ./Sources/main.o
 .debug_frame   0x00000088       0xc0 ./Project_Settings/Startup_Code/startup.o
 .debug_frame   0x00000148      0x100 ./Generated_Code/ASerialLdd1.o
 .debug_frame   0x00000248      0x128 ./Generated_Code/CI2C1.o
 .debug_frame   0x00000370       0xa4 ./Generated_Code/Cpu.o
 .debug_frame   0x00000414       0xc0 ./Generated_Code/Inhr1.o
 .debug_frame   0x000004d4       0xe0 ./Generated_Code/IntI2cLdd1.o
 .debug_frame   0x000005b4       0x64 ./Generated_Code/PE_LDD.o
 .debug_frame   0x00000618       0xd0 ./Generated_Code/PwmLdd1.o
 .debug_frame   0x000006e8       0xd0 ./Generated_Code/PwmLdd2.o
 .debug_frame   0x000007b8       0xd0 ./Generated_Code/PwmLdd3.o
 .debug_frame   0x00000888       0xac ./Generated_Code/RealTimeLdd1.o
 .debug_frame   0x00000934       0xbc ./Generated_Code/TU1.o
 .debug_frame   0x000009f0       0x6c ./Generated_Code/TU2.o
 .debug_frame   0x00000a5c      0x13c ./Generated_Code/Term1.o
 .debug_frame   0x00000b98       0x28 c:/freescale/kds_3.0.0/toolchain/bin/../lib/gcc/arm-none-eabi/4.8.4/../../../../arm-none-eabi/lib/armv7e-m\libg_s.a(lib_a-exit.o)
 .debug_frame   0x00000bc0       0x2c c:/freescale/kds_3.0.0/toolchain/bin/../lib/gcc/arm-none-eabi/4.8.4/../../../../arm-none-eabi/lib/armv7e-m\libg_s.a(lib_a-init.o)
 .debug_frame   0x00000bec       0x20 c:/freescale/kds_3.0.0/toolchain/bin/../lib/gcc/arm-none-eabi/4.8.4/../../../../arm-none-eabi/lib/armv7e-m\libg_s.a(lib_a-memset.o)
 .debug_frame   0x00000c0c       0x20 c:/freescale/kds_3.0.0/toolchain/bin/../lib/gcc/arm-none-eabi/4.8.4/../../../../arm-none-eabi/lib/armv7e-m\libnosys.a(_exit.o)
